// Jest Snapshot v1, https://goo.gl/fbAQLP

exports[`render() correctly 1`] = `
<div
  className="jsx-888878176 root"
>
  <JSXStyle
    css=".spin-wrapper.jsx-888878176{text-align:center;}"
    styleId="888878176"
  />
  <Form(WrappedComponent)
    onSubmit={[Function]}
    ui={
      Object {
        "common": Object {
          "breadcrumbs": Object {
            "cart": Object {
              "i18n": Object {
                "defaultText": "Cart",
                "description": "Сссылка на корзину",
              },
            },
            "collections": Object {
              "i18n": Object {
                "defaultText": "Collections",
                "description": "Ссылка на коллекции (каталог)",
              },
            },
            "description": "Хлебные крошки (помогают пользователю в навигации)",
            "home": Object {
              "i18n": Object {
                "defaultText": "Home",
                "description": "Ссылка на главную страницу",
              },
            },
          },
          "buttons": Object {
            "addToCart": Object {
              "i18n": Object {
                "defaultText": "Add to Cart",
                "description": "Добавить в корзину",
              },
            },
            "buyNow": Object {
              "i18n": Object {
                "defaultText": "Buy now",
                "description": "Купить сейчас",
              },
            },
            "confirm": Object {
              "i18n": Object {
                "defaultText": "Confirm",
                "description": "Подтвердить",
              },
            },
            "continueShopping": Object {
              "i18n": Object {
                "defaultText": "Continue shopping",
                "description": "Продолжить покупки",
              },
            },
            "description": "Кнопки сайта (используются на нескольких страницах)",
            "goToCart": Object {
              "i18n": Object {
                "defaultText": "Go to Cart",
                "description": "Перейти в корзину",
              },
            },
            "nextStep": Object {
              "i18n": Object {
                "defaultText": "Next step",
                "description": "Следующий шаг",
              },
            },
            "pay": Object {
              "i18n": Object {
                "defaultText": "Pay",
                "description": "Оплатить",
              },
            },
            "prevStep": Object {
              "i18n": Object {
                "defaultText": "Previous step",
                "description": "Предыдущий шаг",
              },
            },
            "readMore": Object {
              "i18n": Object {
                "defaultText": "read more",
                "description": "прочитать больше",
              },
            },
            "showMore": Object {
              "i18n": Object {
                "defaultText": "Show more",
                "description": "Показать ещё одну страницу каталога",
              },
            },
          },
          "catalogSearchForm": Object {
            "description": "Форма на витрине товаров",
            "placeholder": Object {
              "i18n": Object {
                "defaultText": "Search",
                "description": "Placeholder в поле ввода",
              },
            },
          },
          "categoriesMenu": Object {
            "copyright": Object {
              "description": "Копирайт в меню категорий",
              "text": Object {
                "i18n": Object {
                  "defaultText": "Alicanto E-commerce Systems",
                  "description": "Текст копирайта",
                },
              },
            },
          },
          "filters": Object {
            "categories": Object {
              "description": "Фильтр сортировки по категориям",
              "items": Object {
                "allCategories": Object {
                  "i18n": Object {
                    "defaultText": "All categories",
                    "description": "Сортировка по всем категориям",
                  },
                },
                "category1": Object {
                  "i18n": Object {
                    "defaultText": "Category 1",
                    "description": "Сортировка по категории 1",
                  },
                },
                "category2": Object {
                  "i18n": Object {
                    "defaultText": "Category 2",
                    "description": "Сортировка по категории 2",
                  },
                },
              },
              "title": Object {
                "i18n": Object {
                  "defaultText": "Categories",
                  "description": "Заголовок фильтра сортировки",
                },
              },
            },
            "description": "Фильтры каталога товаров",
            "inStock": Object {
              "description": "Фильтр включающий в выборку сабкатегории",
              "state": Object {
                "falseState": Object {
                  "i18n": Object {
                    "defaultText": "No",
                    "description": "Отрицательное сосотояние фильтра",
                  },
                },
                "trueState": Object {
                  "i18n": Object {
                    "defaultText": "Yes",
                    "description": "Положительное сосотояние фильтра",
                  },
                },
              },
              "title": Object {
                "i18n": Object {
                  "defaultText": "In stock",
                  "description": "Заголовок фильтра сортировки",
                },
              },
            },
            "includeSubcaterogies": Object {
              "description": "Фильтр включающий в выборку сабкатегории",
              "title": Object {
                "i18n": Object {
                  "defaultText": "Include subcategories",
                  "description": "Заголовок фильтра сортировки",
                },
              },
            },
            "ordering": Object {
              "description": "Фильтр сортировки",
              "items": Object {
                "orderingById": Object {
                  "i18n": Object {
                    "defaultText": "Id",
                    "description": "Сортировка по ID",
                  },
                },
                "orderingByName": Object {
                  "i18n": Object {
                    "defaultText": "Title",
                    "description": "Сортировка по заголовку",
                  },
                },
                "orderingByPrice": Object {
                  "i18n": Object {
                    "defaultText": "Cost",
                    "description": "Сортировка по цене",
                  },
                },
              },
              "title": Object {
                "i18n": Object {
                  "defaultText": "Order by",
                  "description": "Заголовок фильтра сортировки",
                },
              },
            },
            "prices": Object {
              "description": "Фильтр сортировки по цене",
              "title": Object {
                "i18n": Object {
                  "defaultText": "Prices",
                  "description": "Заголовок фильтра сортировки",
                },
              },
            },
          },
          "footerContacts": Object {
            "contacts": Object {
              "address": Object {
                "i18n": Object {
                  "defaultText": "Hamilton Avenue, San Jose",
                  "description": "Адрес организации",
                },
              },
              "city": Object {
                "i18n": Object {
                  "defaultText": "California 95125",
                  "description": "Город организации",
                },
              },
              "country": Object {
                "i18n": Object {
                  "defaultText": "USA",
                  "description": "Страна организации",
                },
              },
              "description": "Блок контактов в footer",
              "phone": Object {
                "i18n": Object {
                  "defaultText": "(408) 376-7400",
                  "description": "Телефон организации",
                },
                "settings": Object {
                  "link": "+74083767400",
                },
              },
              "zip": Object {
                "i18n": Object {
                  "defaultText": "2025",
                  "description": "Индекс организации",
                },
              },
            },
          },
          "footerCopyright": Object {
            "description": "Копирайт в footer",
            "text": Object {
              "i18n": Object {
                "defaultText": "PUMA STORE",
                "description": "Текст копирайта",
              },
            },
          },
          "footerLinks": Object {
            "description": "Ссылки в footer (навигация)",
            "items": Object {
              "about": Object {
                "links": Object {
                  "/link1": Object {
                    "text": Object {
                      "i18n": Object {
                        "defaultText": "Our store",
                        "description": "Текст ссылки на страницу Our store",
                      },
                    },
                    "title": Object {
                      "i18n": Object {
                        "defaultText": "Our store",
                        "description": "Подсказка ссылки на страницу Our store",
                      },
                    },
                  },
                  "/link2": Object {
                    "text": Object {
                      "i18n": Object {
                        "defaultText": "About company",
                        "description": "Текст ссылки на страницу About company",
                      },
                    },
                    "title": Object {
                      "i18n": Object {
                        "defaultText": "About company",
                        "description": "Подсказка ссылки на страницу About company",
                      },
                    },
                  },
                  "/link3": Object {
                    "text": Object {
                      "i18n": Object {
                        "defaultText": "Terms & conditions",
                        "description": "Текст ссылки на страницу Terms & conditions",
                      },
                    },
                    "title": Object {
                      "i18n": Object {
                        "defaultText": "Terms & conditions",
                        "description": "Подсказка ссылки на страницу Terms & conditions",
                      },
                    },
                  },
                },
                "title": Object {
                  "i18n": Object {
                    "defaultText": "About",
                    "description": "Заголовок для колонки About",
                  },
                },
              },
              "payment": Object {
                "links": Object {
                  "/link1": Object {
                    "text": Object {
                      "i18n": Object {
                        "defaultText": "Payment methods",
                        "description": "Текст ссылки на страницу Payment methods",
                      },
                    },
                    "title": Object {
                      "i18n": Object {
                        "defaultText": "Payment methods",
                        "description": "Подсказка ссылки на страницу Payment methods",
                      },
                    },
                  },
                  "/link2": Object {
                    "text": Object {
                      "i18n": Object {
                        "defaultText": "Free delivery",
                        "description": "Текст ссылки на страницу Free delivery",
                      },
                    },
                    "title": Object {
                      "i18n": Object {
                        "defaultText": "Free delivery",
                        "description": "Подсказка ссылки на страницу Free delivery",
                      },
                    },
                  },
                },
                "title": Object {
                  "i18n": Object {
                    "defaultText": "Payment and delivery",
                    "description": "Заголовок для колонки Payment and delivery",
                  },
                },
              },
              "support": Object {
                "links": Object {
                  "/link1": Object {
                    "text": Object {
                      "i18n": Object {
                        "defaultText": "FAQ",
                        "description": "Текст ссылки на страницу FAQ",
                      },
                    },
                    "title": Object {
                      "i18n": Object {
                        "defaultText": "FAQ",
                        "description": "Подсказка ссылки на страницу FAQ",
                      },
                    },
                  },
                  "/link2": Object {
                    "text": Object {
                      "i18n": Object {
                        "defaultText": "Support team",
                        "description": "Текст ссылки на страницу Support team",
                      },
                    },
                    "title": Object {
                      "i18n": Object {
                        "defaultText": "Support team",
                        "description": "Подсказка ссылки на страницу Support team",
                      },
                    },
                  },
                  "/link3": Object {
                    "text": Object {
                      "i18n": Object {
                        "defaultText": "Feedback",
                        "description": "Текст ссылки на страницу Feedback",
                      },
                    },
                    "title": Object {
                      "i18n": Object {
                        "defaultText": "Feedback",
                        "description": "Подсказка ссылки на страницу Feedback",
                      },
                    },
                  },
                },
                "title": Object {
                  "i18n": Object {
                    "defaultText": "Support",
                    "description": "Заголовок для колонки Support",
                  },
                },
              },
            },
          },
          "forms": Object {
            "description": "Формы (используются на нескольких страницах)",
            "validation": Object {
              "cardNumber": Object {
                "i18n": Object {
                  "defaultText": "Card number must contain only numbers and/or spaces",
                  "description": "Номер карты",
                },
              },
              "description": "Сообщения при валидации данных в формах",
              "email": Object {
                "i18n": Object {
                  "defaultText": "Please fill email correctly",
                  "description": "Корректный Email",
                },
              },
              "expDate": Object {
                "i18n": Object {
                  "defaultText": "Expiration date must be written in format MM/YY",
                  "description": "Дата на карте",
                },
              },
              "minLengths": Object {
                "6": Object {
                  "i18n": Object {
                    "defaultText": "This field must contain at least 6 characters",
                    "description": "Поле не может быть меньше 6 символов",
                  },
                },
                "description": "Минимальная длина строки",
              },
              "notEmpty": Object {
                "i18n": Object {
                  "defaultText": "Please fill this field",
                  "description": "Поле не может быть пустым",
                },
              },
            },
          },
          "generalLinks": Object {
            "about": Object {
              "i18n": Object {
                "defaultText": "About",
                "description": "Ссылка \\"о компании\\"",
              },
            },
            "account": Object {
              "i18n": Object {
                "defaultText": "Account",
                "description": "Ссылка на страницу аккаунта пользователя",
              },
            },
            "advancedSearch": Object {
              "i18n": Object {
                "defaultText": "Advanced search",
                "description": "Ссылка расширенный поиск",
              },
            },
            "cart": Object {
              "i18n": Object {
                "defaultText": "Cart",
                "description": "Ссылка на корзину",
              },
            },
            "catalog": Object {
              "i18n": Object {
                "defaultText": "Catalog",
                "description": "Ссылка на витрину товаров",
              },
            },
            "collections": Object {
              "i18n": Object {
                "defaultText": "Collections",
                "description": "Ссылка на коллекции (каталог)",
              },
            },
            "delivery": Object {
              "i18n": Object {
                "defaultText": "Delivery",
                "description": "Ссылка на описание способов доставки",
              },
            },
            "description": "Названия ссылок на сайте",
            "logout": Object {
              "i18n": Object {
                "defaultText": "Logout",
                "description": "Ссылка для выхода из аккаунта",
              },
            },
            "orders": Object {
              "i18n": Object {
                "defaultText": "My Orders",
                "description": "Ссылка на страницу мои заказы",
              },
              "settings": Object {
                "isVisible": true,
              },
            },
            "purchases": Object {
              "i18n": Object {
                "defaultText": "My Purchases",
                "description": "Ссылка на страницу мои покупки",
              },
              "settings": Object {
                "isVisible": true,
              },
            },
            "signIn": Object {
              "i18n": Object {
                "defaultText": "Sign in",
                "description": "Ссылка на страницу регистрации",
              },
            },
            "userProfile": Object {
              "i18n": Object {
                "defaultText": "Profile",
                "description": "Ссылка на профиль пользователя (используется если у авторизованного пользователя не передано имя)",
              },
            },
          },
          "headerLogo": Object {
            "description": "Блок логотипа в заголовке",
            "title": Object {
              "i18n": Object {
                "defaultText": "Puma Store",
                "description": "Название сайта в заголовке",
              },
              "translations": Object {
                "lv": Object {
                  "i18n": Object {
                    "defaultText": "Puma Veikals",
                    "description": "Перевод названия сайта в заголовке на латышский",
                  },
                },
                "pl": Object {
                  "i18n": Object {
                    "defaultText": "Puma Sklep",
                    "description": "Перевод названия сайта в заголовке на польский",
                  },
                },
                "ru": Object {
                  "i18n": Object {
                    "defaultText": "Пума Стор",
                    "description": "Перевод названия сайта в заголовке на русский",
                  },
                },
              },
            },
          },
          "headerSearchForm": Object {
            "description": "Форма наверху страницы",
            "placeholder": Object {
              "i18n": Object {
                "defaultText": "Search",
                "description": "Placeholder в поле ввода",
              },
            },
          },
          "locales": Object {
            "description": "Доступные языки интерфейса",
            "items": Object {
              "en-US": Object {
                "i18n": Object {
                  "defaultText": "English",
                  "description": "Английский язык (локаль США)",
                },
              },
              "lv-LV": Object {
                "i18n": Object {
                  "defaultText": "Latviešu",
                  "description": "Латышский язык",
                },
              },
              "pl-PL": Object {
                "i18n": Object {
                  "defaultText": "Polski",
                  "description": "Польский язык",
                },
              },
              "ru-RU": Object {
                "i18n": Object {
                  "defaultText": "Русский",
                  "description": "Русский язык",
                },
              },
            },
          },
          "noImage": Object {
            "description": "Текст при отсутствии картинки (используются на нескольких страницах)",
            "title": Object {
              "i18n": Object {
                "defaultText": "No image available",
                "description": "Изображение отсутствует",
              },
            },
          },
          "tables": Object {
            "cells": Object {
              "actions": Object {
                "i18n": Object {
                  "defaultText": "actions",
                  "description": "действия",
                },
              },
              "author": Object {
                "i18n": Object {
                  "defaultText": "author",
                  "description": "автор",
                },
              },
              "cost": Object {
                "i18n": Object {
                  "defaultText": "cost",
                  "description": "цена",
                },
              },
              "count": Object {
                "i18n": Object {
                  "defaultText": "count",
                  "description": "количество",
                },
              },
              "date": Object {
                "i18n": Object {
                  "defaultText": "date",
                  "description": "дата заказа",
                },
              },
              "desc": Object {
                "i18n": Object {
                  "defaultText": "description",
                  "description": "описание",
                },
              },
              "description": "Заголовки таблиц",
              "image": Object {
                "i18n": Object {
                  "defaultText": "image",
                  "description": "изображение",
                },
              },
              "itemsCount": Object {
                "i18n": Object {
                  "defaultText": "items",
                  "description": "кол-во элементов",
                },
              },
              "name": Object {
                "i18n": Object {
                  "defaultText": "name",
                  "description": "имя",
                },
              },
              "price": Object {
                "i18n": Object {
                  "defaultText": "price",
                  "description": "цена",
                },
              },
              "quantity": Object {
                "i18n": Object {
                  "defaultText": "quantity",
                  "description": "количество",
                },
              },
              "status": Object {
                "i18n": Object {
                  "defaultText": "status",
                  "description": "статус заказа",
                },
              },
              "title": Object {
                "i18n": Object {
                  "defaultText": "title",
                  "description": "заглавие",
                },
              },
              "total": Object {
                "i18n": Object {
                  "defaultText": "total",
                  "description": "итоговая стоимость",
                },
              },
            },
            "description": "Общие элементы для таблиц (используются на нескольких страницах)",
          },
          "tagsProduct": Object {
            "description": "Теги для продуктов",
            "new": Object {
              "i18n": Object {
                "defaultText": "New",
                "description": "Новый продукт",
              },
            },
            "sale": Object {
              "i18n": Object {
                "defaultText": "Sale",
                "description": "Продукт со скидкой",
              },
            },
          },
        },
        "routes": Object {
          "allCategories": Object {
            "title": Object {
              "i18n": Object {
                "defaultText": "Categories",
                "description": "Заголовок",
              },
            },
          },
          "cart": Object {
            "agree": Object {
              "i18n": Object {
                "defaultText": "I agree",
                "description": "Сообщение о согласие с правилами",
              },
            },
            "checkout": Object {
              "i18n": Object {
                "defaultText": "Check Out",
                "description": "Кнопка оплаты",
              },
            },
            "confirm": Object {
              "description": "Подтверждение заказа",
              "labels": Object {
                "address": Object {
                  "i18n": Object {
                    "defaultText": "Address",
                    "description": "Полный адрес пользователя",
                  },
                },
                "description": "Подписи для полей",
                "email": Object {
                  "i18n": Object {
                    "defaultText": "E-mail",
                    "description": "E-mail пользователя",
                  },
                },
                "phoneNumber": Object {
                  "i18n": Object {
                    "defaultText": "Phone Number",
                    "description": "Номер телефона пользователя",
                  },
                },
                "purchaser": Object {
                  "i18n": Object {
                    "defaultText": "Purchaser",
                    "description": "Полное имя пользователя",
                  },
                },
              },
            },
            "description": "Страница корзина",
            "emptyStatus": Object {
              "i18n": Object {
                "defaultText": "Please add a product to card",
                "description": "Сообщение о том, что нет товаров в корзине",
              },
            },
            "errors": Object {
              "anonCheckout": Object {
                "i18n": Object {
                  "defaultText": "Please login to pay your order",
                  "description": "Нужно войти, что бы оплатить",
                },
              },
              "description": "Ошибки на странице",
              "fewerThanOne": Object {
                "i18n": Object {
                  "defaultText": "You can't decrease amount fewer than 1",
                  "description": "Вы не можете уменьшить количество меньше 1",
                },
              },
              "moreThanInBalance": Object {
                "i18n": Object {
                  "defaultText": "There're not so many items in the balance",
                  "description": "В балансе не так много элементов",
                },
              },
            },
            "paymentForm": Object {
              "description": "Форма оплаты",
              "inputs": Object {
                "cardNumber": Object {
                  "i18n": Object {
                    "defaultText": "Card Number",
                    "description": "Номер карты",
                  },
                },
                "cardholderName": Object {
                  "i18n": Object {
                    "defaultText": "Cardholder",
                    "description": "Имя держателя карты",
                  },
                },
                "description": "Поля формы (labels)",
                "expDate": Object {
                  "i18n": Object {
                    "defaultText": "Expiration Date",
                    "description": "Срок действия",
                  },
                },
                "expDatePlaceholderMonth": Object {
                  "i18n": Object {
                    "defaultText": "MM",
                    "description": "Placeholder срока действия карты",
                  },
                },
                "expDatePlaceholderYear": Object {
                  "i18n": Object {
                    "defaultText": "YY",
                    "description": "Placeholder срока действия карты",
                  },
                },
                "securityCode": Object {
                  "i18n": Object {
                    "defaultText": "CSV",
                    "description": "Код безопасности",
                  },
                },
              },
              "label": Object {
                "i18n": Object {
                  "defaultText": "VALID THRU",
                  "description": "Годен до...",
                },
              },
              "submit": Object {
                "i18n": Object {
                  "defaultText": "Pay",
                  "description": "Кнопка оплатить",
                },
              },
              "title": Object {
                "i18n": Object {
                  "defaultText": "Checkout",
                  "description": "Заголовок формы",
                },
              },
            },
            "tabs": Object {
              "confirm": Object {
                "i18n": Object {
                  "defaultText": "Confirm",
                  "description": "Шаг подтвердения данных",
                },
              },
              "delivery": Object {
                "i18n": Object {
                  "defaultText": "Delivery",
                  "description": "Шаг доставки",
                },
              },
              "order": Object {
                "i18n": Object {
                  "defaultText": "You order",
                  "description": "Шаг заказа",
                },
              },
              "payment": Object {
                "i18n": Object {
                  "defaultText": "Payment",
                  "description": "Шаг оплаты",
                },
              },
            },
            "title": Object {
              "i18n": Object {
                "defaultText": "Cart",
                "description": "Заголовок",
              },
            },
            "total": Object {
              "i18n": Object {
                "defaultText": "Total",
                "description": "Итоговая цена",
              },
            },
            "userInfoForm": Object {
              "description": "Форма информации юзера для доставки",
              "inputs": Object {
                "address": Object {
                  "i18n": Object {
                    "defaultText": "Address",
                    "description": "Адрес пользователя",
                  },
                },
                "country": Object {
                  "i18n": Object {
                    "defaultText": "Country",
                    "description": "Страна пользователя",
                  },
                },
                "description": "Поля формы",
                "email": Object {
                  "i18n": Object {
                    "defaultText": "E-mail",
                    "description": "E-mail пользователя",
                  },
                },
                "name": Object {
                  "i18n": Object {
                    "defaultText": "You Name",
                    "description": "Имя пользователя",
                  },
                },
                "phoneNumber": Object {
                  "i18n": Object {
                    "defaultText": "Phone Number",
                    "description": "Номер телефона пользователя",
                  },
                },
                "stateRegion": Object {
                  "i18n": Object {
                    "defaultText": "State/Region",
                    "description": "Область или регион пользователя",
                  },
                },
                "surname": Object {
                  "i18n": Object {
                    "defaultText": "You Surname",
                    "description": "Фамилия пользователя",
                  },
                },
                "zipCode": Object {
                  "i18n": Object {
                    "defaultText": "ZIP Code",
                    "description": "Почтовый индекс пользователя",
                  },
                },
              },
            },
          },
          "catalog": Object {
            "addedToCart": Object {
              "i18n": Object {
                "defaultText": "Added to Cart",
                "description": "Сообщение \\"Добавлено в крозину\\"",
              },
            },
            "count": Object {
              "i18n": Object {
                "defaultText": "Count",
                "description": "Количество найденных товаров",
              },
            },
            "description": "Страница каталога",
            "filters": Object {
              "allCategories": Object {
                "i18n": Object {
                  "defaultText": "all categories",
                  "description": "ссылка \\"все категории\\" в списке категорий",
                },
              },
              "description": "Фильтры в каталоге",
              "emptyTxt": Object {
                "i18n": Object {
                  "defaultText": "Sorry, we couldn't find any results for this search",
                  "description": "ничего не найдено",
                },
              },
              "header": Object {
                "i18n": Object {
                  "defaultText": "Filters",
                  "description": "Заголовок фильтров",
                },
              },
            },
            "header": Object {
              "i18n": Object {
                "defaultText": "Catalog",
                "description": "Заголовок",
              },
            },
            "orderings": Object {
              "label": Object {
                "i18n": Object {
                  "defaultText": "Order by",
                  "description": "Заголовок сортировок в фильтре",
                },
              },
            },
          },
          "description": "Страница все категории",
          "home": Object {
            "aboutUs": Object {
              "description": "Секция \\"О нас\\"",
              "header": Object {
                "i18n": Object {
                  "defaultText": "About us",
                  "description": "Заголовок",
                },
              },
              "items": Object {
                "item1": Object {
                  "i18n": Object {
                    "defaultText": "RTU Press provide students, research and academic personnel with educational and scientific literature. In the course of time, RTU editorial and publishing units have survived different kinds of structural changes, but it has always provided RTU students and personnel with the required publications disregarding the socio-economic conditions.",
                    "description": "Элемент 1",
                  },
                },
                "item2": Object {
                  "i18n": Object {
                    "defaultText": "RTU Press annually publishes from 20 to 25 collections of scientific articles, 8 to 10 scientific monographs, approximately 50 promotion works and 100 promotion work summaries in Latvian and English, approximately 30 different educational aids in accordance with the faculty, institute, and other RTU structural unit orders. All publications are assigned an ISBN or an ISSN code.",
                    "description": "Элемент 2",
                  },
                },
                "item3": Object {
                  "i18n": Object {
                    "defaultText": "At present, RTU Press publishes 19 scientific journal series, 75 % of them are published in English, 11 of them are published in the open access journal management system  Open Journal System. All articles that have been published in English are verified for plagiarism by using software CrossCheck. If the journal corresponds to the quality criteria, each journal article is assigned a unique identification number DOI (Digital object identifier).",
                    "description": "Элемент 3",
                  },
                },
                "item4": Object {
                  "i18n": Object {
                    "defaultText": "RTU has concluded agreements with international non-profit organizations CrossRef and ORCID, which RTU Press actively cooperates with. The articles are indexed in ProQuest, EBSCO, CNPIEC, TDOne, and many other databases. The collection of articles Environmental and Climate Technologies published by RTU Press is indexed in the SCOPUS database.",
                    "description": "Элемент 4",
                  },
                },
              },
            },
            "description": "Главная страница",
            "feedback": Object {
              "description": "Секция \\"Обратная связь\\"",
              "form": Object {
                "answText": Object {
                  "i18n": Object {
                    "defaultText": "We will reply to your inquiry within one week",
                    "description": "Текст справа от формы о сроке ответа",
                  },
                },
                "button": Object {
                  "i18n": Object {
                    "defaultText": "Send",
                    "description": "Кнопка на форме",
                  },
                },
                "header": Object {
                  "i18n": Object {
                    "defaultText": "Contact Us",
                    "description": "Заголовок",
                  },
                },
                "labels": Object {
                  "description": "Labels на форме",
                  "email": Object {
                    "i18n": Object {
                      "defaultText": "Email",
                      "description": "Эл. почта",
                    },
                  },
                  "message": Object {
                    "i18n": Object {
                      "defaultText": "Feedback",
                      "description": "Обратная связь",
                    },
                  },
                  "name": Object {
                    "i18n": Object {
                      "defaultText": "Name",
                      "description": "Имя",
                    },
                  },
                },
                "successMessage": Object {
                  "i18n": Object {
                    "defaultText": "Your message has been successfully sent",
                    "description": "сообщение об успешной отправки формы",
                  },
                },
                "text": Object {
                  "i18n": Object {
                    "defaultText": "Please do not hesitate to contact us if you require any further information or would like to report an issue",
                    "description": "Текст справа от формы",
                  },
                },
              },
            },
            "libraryStats": Object {
              "autors": Object {
                "i18n": Object {
                  "defaultText": "Authors",
                  "description": "Подпись Авторы",
                },
              },
              "description": "Секция \\"библиотека в цифрах\\"",
              "header": Object {
                "i18n": Object {
                  "defaultText": "Library in numbers",
                  "description": "Заголовок",
                },
              },
              "manuscript": Object {
                "i18n": Object {
                  "defaultText": "Manuscript",
                  "description": "Подпись Манускриптов",
                },
              },
              "pressPublic": Object {
                "i18n": Object {
                  "defaultText": "Publications",
                  "description": "Подпись Публикаций",
                },
              },
              "thesis": Object {
                "i18n": Object {
                  "defaultText": "Doctoral Thesis",
                  "description": "Подпись Тезисов",
                },
              },
            },
            "partners": Object {
              "description": "Секция \\"Партнёры\\"",
              "header": Object {
                "i18n": Object {
                  "defaultText": "Partners",
                  "description": "Заголовок",
                },
              },
              "items": Object {
                "item1": Object {
                  "name": Object {
                    "i18n": Object {
                      "defaultText": "Партнер 1",
                      "description": "Название партнера 1",
                    },
                  },
                  "settings": Object {
                    "imageUrl": "/img/partners/partner-1.jpg",
                    "link": "http://www.aeup.eu/",
                  },
                },
                "item2": Object {
                  "name": Object {
                    "i18n": Object {
                      "defaultText": "Партнер 2",
                      "description": "Название партнера 2",
                    },
                  },
                  "settings": Object {
                    "imageUrl": "/img/partners/partner-2.jpg",
                    "link": "https://www.crossref.org/",
                  },
                },
                "item3": Object {
                  "name": Object {
                    "i18n": Object {
                      "defaultText": "Партнер 3",
                      "description": "Название партнера 3",
                    },
                  },
                  "settings": Object {
                    "imageUrl": "/img/partners/partner-3.jpg",
                    "link": "http://www.degruyteropen.com/",
                  },
                },
              },
            },
            "popularBlock": Object {
              "description": "Текстовые блоки для популярных товаров",
              "title": Object {
                "i18n": Object {
                  "defaultText": "Popular",
                  "description": "Основной заголовок",
                },
              },
              "viewAll": Object {
                "i18n": Object {
                  "defaultText": "View all",
                  "description": "Текст ссылки на все товары",
                },
              },
            },
            "slider": Object {
              "description": "Слайдер на главной странице",
              "items": Object {
                "item1": Object {
                  "header": Object {
                    "i18n": Object {
                      "defaultText": "Sneakers",
                      "description": "Заголовок слайда",
                    },
                    "settings": Object {
                      "isVisible": true,
                    },
                  },
                  "image": Object {
                    "settings": Object {
                      "link": "https://pumaimages.azureedge.net/images/fn/%7Eregional%7EPNA%7Eothers%7EKOP%7EHome%7E17AW_BTL_ECOM_SP_XO_Homepage-Hero_1440x500_2-LEFT-SOLD-OUT.jpg/fmt/jpg?w=1440",
                    },
                  },
                  "price": Object {
                    "i18n": Object {
                      "defaultText": "399.00 $",
                      "description": "Цена товара",
                    },
                    "settings": Object {
                      "isVisible": true,
                    },
                  },
                  "tag": Object {
                    "i18n": Object {
                      "defaultText": "new",
                      "description": "Таг товара",
                    },
                    "settings": Object {
                      "isVisible": true,
                    },
                  },
                  "text": Object {
                    "i18n": Object {
                      "defaultText": "IGNITE LIMITLESS",
                      "description": "Текст слайда",
                    },
                    "settings": Object {
                      "isVisible": true,
                    },
                  },
                },
                "item2": Object {
                  "header": Object {
                    "i18n": Object {
                      "defaultText": "Sneakers",
                      "description": "Заголовок слайда",
                    },
                    "settings": Object {
                      "isVisible": true,
                    },
                  },
                  "image": Object {
                    "settings": Object {
                      "link": "https://pumaimages.azureedge.net/images/fn/%7Eregional%7EPNA%7Eothers%7EKOP%7EMens%7E17AW_BTL_ECOM_SP_XO_Category-Hero_1440x500_2-EDIT.jpg/fmt/jpg?w=1440",
                    },
                  },
                  "price": Object {
                    "i18n": Object {
                      "defaultText": "399.00 $",
                      "description": "Цена товара",
                    },
                    "settings": Object {
                      "isVisible": true,
                    },
                  },
                  "tag": Object {
                    "i18n": Object {
                      "defaultText": "new",
                      "description": "Таг товара",
                    },
                    "settings": Object {
                      "isVisible": true,
                    },
                  },
                  "text": Object {
                    "i18n": Object {
                      "defaultText": "Limitless Lo EvoKNIT Men’s Running Shoes",
                      "description": "Текст слайда",
                    },
                    "settings": Object {
                      "isVisible": true,
                    },
                  },
                },
                "item3": Object {
                  "header": Object {
                    "i18n": Object {
                      "defaultText": "Sneakers",
                      "description": "Заголовок слайда",
                    },
                    "settings": Object {
                      "isVisible": true,
                    },
                  },
                  "image": Object {
                    "settings": Object {
                      "link": "https://pumaimages.azureedge.net/images/fn/%7Eregional%7EPNA%7Eothers%7EKOP%7EHome%7E17AW_BTL_ECOM_SP_XO_Homepage-Hero_1440x500_2-LEFT-SOLD-OUT.jpg/fmt/jpg?w=1440",
                    },
                  },
                  "price": Object {
                    "i18n": Object {
                      "defaultText": "399.00 $",
                      "description": "Цена товара",
                    },
                    "settings": Object {
                      "isVisible": true,
                    },
                  },
                  "tag": Object {
                    "i18n": Object {
                      "defaultText": "new",
                      "description": "Таг товара",
                    },
                    "settings": Object {
                      "isVisible": true,
                    },
                  },
                  "text": Object {
                    "i18n": Object {
                      "defaultText": "Blaze EvoKNIT Training Shoes",
                      "description": "Текст слайда",
                    },
                    "settings": Object {
                      "isVisible": true,
                    },
                  },
                },
              },
            },
            "textBlock": Object {
              "description": "Текстовые блоки для главной страницы",
              "subtitle": Object {
                "i18n": Object {
                  "defaultText": "Subtitle",
                  "description": "Второстепенный заголовок",
                },
              },
              "text": Object {
                "i18n": Object {
                  "defaultText": "Meet the Suede. It's been kicking around for a long time. From '60s basketball warm-up shoe to '90s hip-hop kick, it's been worn by greats across generations and made its mark on a range of different scenes. All smooth suede, streetwise swagger, and sport-inspired style, it remains to this day PUMA's most epic sneaker icon. This edition has been given a winterized revamp with acrylic wool.",
                  "description": "Текст для страницы",
                },
              },
              "title": Object {
                "i18n": Object {
                  "defaultText": "Title",
                  "description": "Основной заголовок",
                },
              },
            },
            "topMenu": Object {
              "description": "Ссылки вверху главной страницы",
              "links": Object {
                "about": Object {
                  "i18n": Object {
                    "defaultText": "About us",
                    "description": "Ссылка на секцию \\"о нас\\"",
                  },
                },
                "contact": Object {
                  "i18n": Object {
                    "defaultText": "Contact us",
                    "description": "Ссылка на секцию \\"контакты\\"",
                  },
                },
                "newAdd": Object {
                  "i18n": Object {
                    "defaultText": "New Additions",
                    "description": "Ссылка на слайдер",
                  },
                },
                "partners": Object {
                  "i18n": Object {
                    "defaultText": "Partners",
                    "description": "Ссылка на секцию \\"партнёры\\"",
                  },
                },
              },
            },
          },
          "login": Object {
            "description": "Страница входа / регистрации",
            "form": Object {
              "buttons": Object {
                "registration": Object {
                  "i18n": Object {
                    "defaultText": "Registration",
                    "description": "Кнопка регистрации",
                  },
                  "settings": Object {
                    "isVisible": false,
                  },
                },
                "signIn": Object {
                  "i18n": Object {
                    "defaultText": "Sign in",
                    "description": "Кнопка авторизации",
                  },
                },
              },
              "labels": Object {
                "description": "Labels в форме авторизации/регистрации",
                "password": Object {
                  "i18n": Object {
                    "defaultText": "Password",
                    "description": "Пароль",
                  },
                },
                "username": Object {
                  "i18n": Object {
                    "defaultText": "Username",
                    "description": "Имя пользователя",
                  },
                },
              },
            },
          },
          "notFound": Object {
            "description": "Страница не найдена",
            "link": Object {
              "i18n": Object {
                "defaultText": "homepage",
                "description": "Ссылка возврата",
              },
            },
            "return": Object {
              "i18n": Object {
                "defaultText": "Return to",
                "description": "Ссылка возврата",
              },
            },
            "text": Object {
              "i18n": Object {
                "defaultText": "We can't find the page you're looking for.",
                "description": "Основной текст на странице",
              },
            },
            "title": Object {
              "i18n": Object {
                "defaultText": "Page not found",
                "description": "Заголовок",
              },
            },
          },
          "productCard": Object {
            "bundlesTitle": Object {
              "i18n": Object {
                "defaultText": "Content",
                "description": "Заголовок для бандлов",
              },
            },
            "button": Object {
              "i18n": Object {
                "defaultText": "Add to Cart",
                "description": "Buy it now for",
              },
            },
            "description": "Страница карточки товара",
            "labels": Object {
              "description": "Заголовки для \\"статичных\\" полей товара",
              "documentType": Object {
                "i18n": Object {
                  "defaultText": "document type",
                  "description": "Тип книги",
                },
              },
              "language": Object {
                "i18n": Object {
                  "defaultText": "Language",
                  "description": "Язык",
                },
              },
              "publisher": Object {
                "i18n": Object {
                  "defaultText": "publisher",
                  "description": "Издатель",
                },
              },
              "yearOfIssue": Object {
                "i18n": Object {
                  "defaultText": "Year of issue",
                  "description": "Год издания",
                },
              },
            },
            "outOfStock": Object {
              "i18n": Object {
                "defaultText": "Sorry, this book is out of stock.",
                "description": "Текст, что товара нет в продаже",
              },
            },
            "popup": Object {
              "buttons": Object {
                "cart": Object {
                  "i18n": Object {
                    "defaultText": "View cart",
                    "description": "Кнопка просмотра корзины",
                  },
                },
                "continue": Object {
                  "i18n": Object {
                    "defaultText": "Continue shopping",
                    "description": "Кнопка продолжения покупок",
                  },
                },
              },
              "description": "Всплывающее окно после добавления товара в корзину",
              "header": Object {
                "i18n": Object {
                  "defaultText": "Item added to the cart",
                  "description": "Заголовок",
                },
              },
            },
            "previewImages": Object {
              "cropper": Object {
                "description": "Добавляется эффект лупы при наведении на изображение",
                "settings": Object {
                  "isVisible": true,
                },
              },
              "description": "Просмотр изображения для товара (должно быть активировано что-то одно)",
              "slider": Object {
                "description": "При клике на изображение, открывается попап со слайдером с изображениями в увеличеном виде",
                "settings": Object {
                  "isVisible": false,
                },
              },
            },
            "share": Object {
              "i18n": Object {
                "defaultText": "Share",
                "description": "Заголовок для кнопок \\"поделиться\\"",
              },
            },
            "socialLinks": Object {
              "description": "Cоциальные иконки для продукта",
              "items": Object {
                "facebook": Object {
                  "i18n": Object {
                    "defaultText": "https://www.facebook.com/internationalrelationsrtu",
                    "description": "Ссылка на facebook",
                  },
                  "settings": Object {
                    "isVisible": true,
                  },
                },
                "instagram": Object {
                  "i18n": Object {
                    "defaultText": "http://instagram.com",
                    "description": "Ссылка на instagram",
                  },
                  "settings": Object {
                    "isVisible": true,
                  },
                },
                "twitter": Object {
                  "i18n": Object {
                    "defaultText": "https://twitter.com/RTU_LV",
                    "description": "Ссылка на twitter",
                  },
                  "settings": Object {
                    "isVisible": true,
                  },
                },
                "vkontakte": Object {
                  "i18n": Object {
                    "defaultText": "http://vk.com",
                    "description": "Ссылка на vkontakte",
                  },
                  "settings": Object {
                    "isVisible": true,
                  },
                },
              },
            },
          },
          "user": Object {
            "account": Object {
              "button": Object {
                "i18n": Object {
                  "defaultText": "Edit",
                  "description": "Кнопка обновить",
                },
              },
              "description": "Страница редактирования аккаунта",
              "form": Object {
                "description": "Форма редактирование данных пользователя",
                "labels": Object {
                  "email": Object {
                    "i18n": Object {
                      "defaultText": "Email",
                      "description": "Эл. почта",
                    },
                  },
                  "name": Object {
                    "i18n": Object {
                      "defaultText": "Name",
                      "description": "Имя пользователя",
                    },
                  },
                  "surname": Object {
                    "i18n": Object {
                      "defaultText": "Surname",
                      "description": "Фамилия пользователя",
                    },
                  },
                },
                "submit": Object {
                  "i18n": Object {
                    "defaultText": "Save",
                    "description": "Кнопка отправки формы редактирования",
                  },
                },
              },
              "title": Object {
                "i18n": Object {
                  "defaultText": "Account",
                  "description": "Заголовок",
                },
              },
            },
            "description": "Страница пользователя",
            "orderDetails": Object {
              "description": "Детали заказа",
              "labels": Object {
                "cost": Object {
                  "i18n": Object {
                    "defaultText": "Cost",
                    "description": "Цена",
                  },
                },
                "count": Object {
                  "i18n": Object {
                    "defaultText": "Count",
                    "description": "Количество",
                  },
                },
              },
            },
            "orders": Object {
              "button": Object {
                "i18n": Object {
                  "defaultText": "Pay",
                  "description": "Кнопка \\"оплатить\\"",
                },
              },
              "count": Object {
                "i18n": Object {
                  "defaultText": "Status",
                  "description": "Количество товара",
                },
              },
              "description": "Страница мои заказы",
              "emptyStatus": Object {
                "i18n": Object {
                  "defaultText": "No orders",
                  "description": "Сообщение о том, что пока не было заказов",
                },
              },
              "labels": Object {
                "date": Object {
                  "i18n": Object {
                    "defaultText": "Date",
                    "description": "Дата заказа",
                  },
                },
                "description": "Текстовые метки на странице",
                "totalCount": Object {
                  "i18n": Object {
                    "defaultText": "Total count",
                    "description": "Итоговое количество",
                  },
                },
                "totalPrice": Object {
                  "i18n": Object {
                    "defaultText": "Total price",
                    "description": "Итоговая стоимость",
                  },
                },
              },
              "paymentSuccess": Object {
                "i18n": Object {
                  "defaultText": "Спасибо! Информация о доступе к книге была отправлена на ваш адрес электронной почты.",
                  "description": "Сообщения об успешной оплате",
                },
              },
              "paymentWarning": Object {
                "i18n": Object {
                  "defaultText": "Wait for the previous payment to be completed",
                  "description": "Сообщения об ожидании предыдущей оплаты",
                },
              },
              "status": Object {
                "i18n": Object {
                  "defaultText": "Status",
                  "description": "Статус заказа",
                },
              },
              "title": Object {
                "i18n": Object {
                  "defaultText": "My Orders",
                  "description": "Заголовок",
                },
              },
              "transaction": Object {
                "details": Object {
                  "i18n": Object {
                    "defaultText": "Transaction Details",
                    "description": "Детали оплаты",
                  },
                },
                "status": Object {
                  "i18n": Object {
                    "defaultText": "Transaction Status",
                    "description": "Статус оплаты",
                  },
                },
              },
            },
            "purchases": Object {
              "count": Object {
                "i18n": Object {
                  "defaultText": "count",
                  "description": "счётчик моих покупок",
                },
              },
              "description": "Страница мои покупки",
              "emptyStatus": Object {
                "i18n": Object {
                  "defaultText": "No purchases",
                  "description": "Сообщение о том, что пока не было покупок",
                },
              },
              "title": Object {
                "i18n": Object {
                  "defaultText": "My Purchases",
                  "description": "Заголовок",
                },
              },
            },
          },
        },
      }
    }
    user={
      Object {
        "email": "test@test.com",
        "first_name": "test",
        "last_name": "test2",
      }
    }
  />
</div>
`;
