// Jest Snapshot v1, https://goo.gl/fbAQLP

exports[`render() correct 1`] = `
<div
  className="jsx-1451983618 root"
>
  <JSXStyle
    css=".root.jsx-1451983618{font-size:16px;line-height:1.3;font-weight:bold;overflow:hidden;text-overflow:ellipsis;white-space:nowrap;}.root.jsx-1451983618 .name{color:inherit;white-space:nowrap;}.root.jsx-1451983618 .code{color:#b2bdcb;font-size:12px;}"
    styleId="1451983618"
  />
  <Link
    className="name"
    replace={false}
    title="dummy shot discription"
    to="/product/dummy uid"
  >
    dummy name
  </Link>
  <div
    className="jsx-1451983618 code"
  >
    # 
    dummy uid
  </div>
</div>
`;
