// Jest Snapshot v1, https://goo.gl/fbAQLP

exports[`render() with isPaid as false 1`] = `
<div
  className="root"
>
  <Button
    ghost={false}
    key="button"
    loading={false}
    onClick={[Function]}
    prefixCls="ant-btn"
    size="small"
    type="primary"
  >
    Pay
  </Button>
</div>
`;

exports[`render() with isPaid as true 1`] = `
<div
  className="root"
/>
`;
