// Jest Snapshot v1, https://goo.gl/fbAQLP

exports[`render() 1`] = `
<Spin
  prefixCls="ant-spin"
  size="default"
  spinning={false}
  wrapperClassName=""
>
  <Form
    hideRequiredMark={false}
    layout="horizontal"
    onSubmit={[Function]}
    prefixCls="ant-form"
  >
    <FormItem
      colon={true}
      hasFeedback={false}
      help=""
      prefixCls="ant-form"
      validateStatus={null}
    >
      <Input
        data-__meta={
          Object {
            "leadingName": "username",
            "name": "username",
            "originalProps": Object {
              "disabled": false,
              "placeholder": "Username",
              "prefix": <Icon
                style={
                  Object {
                    "fontSize": 13,
                  }
                }
                type="user"
              />,
              "prefixCls": "ant-input",
              "type": "text",
            },
            "ref": null,
            "rules": Array [
              Object {
                "message": "Please fill this field",
                "required": true,
              },
            ],
            "trigger": "onChange",
            "validate": Array [
              Object {
                "rules": Array [
                  Object {
                    "message": "Please fill this field",
                    "required": true,
                  },
                ],
                "trigger": Array [
                  "onChange",
                ],
              },
            ],
            "valuePropName": "value",
          }
        }
        disabled={false}
        id="username"
        onChange={[Function]}
        placeholder="Username"
        prefix={
          <Icon
            style={
              Object {
                "fontSize": 13,
              }
            }
            type="user"
          />
        }
        prefixCls="ant-input"
        type="text"
      />
    </FormItem>
    <FormItem
      colon={true}
      hasFeedback={false}
      help=""
      prefixCls="ant-form"
      validateStatus={null}
    >
      <Input
        data-__meta={
          Object {
            "leadingName": "password",
            "name": "password",
            "originalProps": Object {
              "disabled": false,
              "placeholder": "Password",
              "prefix": <Icon
                style={
                  Object {
                    "fontSize": 13,
                  }
                }
                type="lock"
              />,
              "prefixCls": "ant-input",
              "type": "password",
            },
            "ref": null,
            "rules": Array [
              Object {
                "message": "Please fill this field",
                "required": true,
              },
            ],
            "trigger": "onChange",
            "validate": Array [
              Object {
                "rules": Array [
                  Object {
                    "message": "Please fill this field",
                    "required": true,
                  },
                ],
                "trigger": Array [
                  "onChange",
                ],
              },
            ],
            "valuePropName": "value",
          }
        }
        disabled={false}
        id="password"
        onChange={[Function]}
        placeholder="Password"
        prefix={
          <Icon
            style={
              Object {
                "fontSize": 13,
              }
            }
            type="lock"
          />
        }
        prefixCls="ant-input"
        type="password"
      />
    </FormItem>
    <FormItem
      colon={true}
      hasFeedback={false}
      prefixCls="ant-form"
    >
      <Button
        disabled={false}
        ghost={false}
        htmlType="submit"
        loading={false}
        prefixCls="ant-btn"
        type="primary"
      >
        Sign in
      </Button>
    </FormItem>
  </Form>
</Spin>
`;
